Archive member included to satisfy reference by file (symbol)

C:/ST/STM32CubeIDE_1.19.0/STM32CubeIDE/plugins/com.st.stm32cube.ide.mcu.externaltools.gnu-tools-for-stm32.13.3.rel1.win32_1.0.0.202411081344/tools/bin/../lib/gcc/arm-none-eabi/13.3.1/../../../../arm-none-eabi/lib/thumb/v6-m/nofp\libc_nano.a(libc_a-exit.o)
                              C:/ST/STM32CubeIDE_1.19.0/STM32CubeIDE/plugins/com.st.stm32cube.ide.mcu.externaltools.gnu-tools-for-stm32.13.3.rel1.win32_1.0.0.202411081344/tools/bin/../lib/gcc/arm-none-eabi/13.3.1/../../../../arm-none-eabi/lib/thumb/v6-m/nofp/crt0.o (exit)
C:/ST/STM32CubeIDE_1.19.0/STM32CubeIDE/plugins/com.st.stm32cube.ide.mcu.externaltools.gnu-tools-for-stm32.13.3.rel1.win32_1.0.0.202411081344/tools/bin/../lib/gcc/arm-none-eabi/13.3.1/../../../../arm-none-eabi/lib/thumb/v6-m/nofp\libc_nano.a(libc_a-findfp.o)
                              C:/ST/STM32CubeIDE_1.19.0/STM32CubeIDE/plugins/com.st.stm32cube.ide.mcu.externaltools.gnu-tools-for-stm32.13.3.rel1.win32_1.0.0.202411081344/tools/bin/../lib/gcc/arm-none-eabi/13.3.1/../../../../arm-none-eabi/lib/thumb/v6-m/nofp\libc_nano.a(libc_a-exit.o) (__stdio_exit_handler)
C:/ST/STM32CubeIDE_1.19.0/STM32CubeIDE/plugins/com.st.stm32cube.ide.mcu.externaltools.gnu-tools-for-stm32.13.3.rel1.win32_1.0.0.202411081344/tools/bin/../lib/gcc/arm-none-eabi/13.3.1/../../../../arm-none-eabi/lib/thumb/v6-m/nofp\libc_nano.a(libc_a-fwalk.o)
                              C:/ST/STM32CubeIDE_1.19.0/STM32CubeIDE/plugins/com.st.stm32cube.ide.mcu.externaltools.gnu-tools-for-stm32.13.3.rel1.win32_1.0.0.202411081344/tools/bin/../lib/gcc/arm-none-eabi/13.3.1/../../../../arm-none-eabi/lib/thumb/v6-m/nofp\libc_nano.a(libc_a-findfp.o) (_fwalk_sglue)
C:/ST/STM32CubeIDE_1.19.0/STM32CubeIDE/plugins/com.st.stm32cube.ide.mcu.externaltools.gnu-tools-for-stm32.13.3.rel1.win32_1.0.0.202411081344/tools/bin/../lib/gcc/arm-none-eabi/13.3.1/../../../../arm-none-eabi/lib/thumb/v6-m/nofp\libc_nano.a(libc_a-stdio.o)
                              C:/ST/STM32CubeIDE_1.19.0/STM32CubeIDE/plugins/com.st.stm32cube.ide.mcu.externaltools.gnu-tools-for-stm32.13.3.rel1.win32_1.0.0.202411081344/tools/bin/../lib/gcc/arm-none-eabi/13.3.1/../../../../arm-none-eabi/lib/thumb/v6-m/nofp\libc_nano.a(libc_a-findfp.o) (__sread)
C:/ST/STM32CubeIDE_1.19.0/STM32CubeIDE/plugins/com.st.stm32cube.ide.mcu.externaltools.gnu-tools-for-stm32.13.3.rel1.win32_1.0.0.202411081344/tools/bin/../lib/gcc/arm-none-eabi/13.3.1/../../../../arm-none-eabi/lib/thumb/v6-m/nofp\libc_nano.a(libc_a-memset.o)
                              C:/ST/STM32CubeIDE_1.19.0/STM32CubeIDE/plugins/com.st.stm32cube.ide.mcu.externaltools.gnu-tools-for-stm32.13.3.rel1.win32_1.0.0.202411081344/tools/bin/../lib/gcc/arm-none-eabi/13.3.1/../../../../arm-none-eabi/lib/thumb/v6-m/nofp/crt0.o (memset)
C:/ST/STM32CubeIDE_1.19.0/STM32CubeIDE/plugins/com.st.stm32cube.ide.mcu.externaltools.gnu-tools-for-stm32.13.3.rel1.win32_1.0.0.202411081344/tools/bin/../lib/gcc/arm-none-eabi/13.3.1/../../../../arm-none-eabi/lib/thumb/v6-m/nofp\libc_nano.a(libc_a-closer.o)
                              C:/ST/STM32CubeIDE_1.19.0/STM32CubeIDE/plugins/com.st.stm32cube.ide.mcu.externaltools.gnu-tools-for-stm32.13.3.rel1.win32_1.0.0.202411081344/tools/bin/../lib/gcc/arm-none-eabi/13.3.1/../../../../arm-none-eabi/lib/thumb/v6-m/nofp\libc_nano.a(libc_a-stdio.o) (_close_r)
C:/ST/STM32CubeIDE_1.19.0/STM32CubeIDE/plugins/com.st.stm32cube.ide.mcu.externaltools.gnu-tools-for-stm32.13.3.rel1.win32_1.0.0.202411081344/tools/bin/../lib/gcc/arm-none-eabi/13.3.1/../../../../arm-none-eabi/lib/thumb/v6-m/nofp\libc_nano.a(libc_a-reent.o)
                              C:/ST/STM32CubeIDE_1.19.0/STM32CubeIDE/plugins/com.st.stm32cube.ide.mcu.externaltools.gnu-tools-for-stm32.13.3.rel1.win32_1.0.0.202411081344/tools/bin/../lib/gcc/arm-none-eabi/13.3.1/../../../../arm-none-eabi/lib/thumb/v6-m/nofp\libc_nano.a(libc_a-closer.o) (errno)
C:/ST/STM32CubeIDE_1.19.0/STM32CubeIDE/plugins/com.st.stm32cube.ide.mcu.externaltools.gnu-tools-for-stm32.13.3.rel1.win32_1.0.0.202411081344/tools/bin/../lib/gcc/arm-none-eabi/13.3.1/../../../../arm-none-eabi/lib/thumb/v6-m/nofp\libc_nano.a(libc_a-impure.o)
                              C:/ST/STM32CubeIDE_1.19.0/STM32CubeIDE/plugins/com.st.stm32cube.ide.mcu.externaltools.gnu-tools-for-stm32.13.3.rel1.win32_1.0.0.202411081344/tools/bin/../lib/gcc/arm-none-eabi/13.3.1/../../../../arm-none-eabi/lib/thumb/v6-m/nofp\libc_nano.a(libc_a-reent.o) (_impure_ptr)
C:/ST/STM32CubeIDE_1.19.0/STM32CubeIDE/plugins/com.st.stm32cube.ide.mcu.externaltools.gnu-tools-for-stm32.13.3.rel1.win32_1.0.0.202411081344/tools/bin/../lib/gcc/arm-none-eabi/13.3.1/../../../../arm-none-eabi/lib/thumb/v6-m/nofp\libc_nano.a(libc_a-lseekr.o)
[...]
Memory Configuration

Name             Origin             Length             Attributes
RAM              0x20000000         0x00009000         xrw
FLASH            0x08000000         0x00020000         xr
*default*        0x00000000         0xffffffff

Linker script and memory map

LOAD C:/ST/STM32CubeIDE_1.19.0/STM32CubeIDE/plugins/com.st.stm32cube.ide.mcu.externaltools.gnu-tools-for-stm32.13.3.rel1.win32_1.0.0.202411081344/tools/bin/../lib/gcc/arm-none-eabi/13.3.1/thumb/v6-m/nofp/crti.o
LOAD C:/ST/STM32CubeIDE_1.19.0/STM32CubeIDE/plugins/com.st.stm32cube.ide.mcu.externaltools.gnu-tools-for-stm32.13.3.rel1.win32_1.0.0.202411081344/tools/bin/../lib/gcc/arm-none-eabi/13.3.1/thumb/v6-m/nofp/crtbegin.o
LOAD C:/ST/STM32CubeIDE_1.19.0/STM32CubeIDE/plugins/com.st.stm32cube.ide.mcu.externaltools.gnu-tools-for-stm32.13.3.rel1.win32_1.0.0.202411081344/tools/bin/../lib/gcc/arm-none-eabi/13.3.1/../../../../arm-none-eabi/lib/thumb/v6-m/nofp/crt0.o
LOAD ./Application/User/Core/adc.o
LOAD ./Application/User/Core/gpio.o
LOAD ./Application/User/Core/main.o
LOAD ./Application/User/Core/stm32g0xx_hal_msp.o
LOAD ./Application/User/Core/stm32g0xx_it.o
LOAD ./Application/User/Core/syscalls.o
LOAD ./Application/User/Core/sysmem.o
LOAD ./Application/User/Core/tim.o
LOAD ./Application/User/Startup/startup_stm32g071rbtx.o
LOAD ./Drivers/CMSIS/system_stm32g0xx.o
LOAD ./Drivers/STM32G0xx_HAL_Driver/stm32g0xx_hal.o
LOAD ./Drivers/STM32G0xx_HAL_Driver/stm32g0xx_hal_adc.o
LOAD ./Drivers/STM32G0xx_HAL_Driver/stm32g0xx_hal_adc_ex.o
LOAD ./Drivers/STM32G0xx_HAL_Driver/stm32g0xx_hal_cortex.o
LOAD ./Drivers/STM32G0xx_HAL_Driver/stm32g0xx_hal_dma.o
LOAD ./Drivers/STM32G0xx_HAL_Driver/stm32g0xx_hal_dma_ex.o
LOAD ./Drivers/STM32G0xx_HAL_Driver/stm32g0xx_hal_exti.o
LOAD ./Drivers/STM32G0xx_HAL_Driver/stm32g0xx_hal_flash.o
LOAD ./Drivers/STM32G0xx_HAL_Driver/stm32g0xx_hal_flash_ex.o
LOAD ./Drivers/STM32G0xx_HAL_Driver/stm32g0xx_hal_gpio.o
LOAD ./Drivers/STM32G0xx_HAL_Driver/stm32g0xx_hal_pwr.o
LOAD ./Drivers/STM32G0xx_HAL_Driver/stm32g0xx_hal_pwr_ex.o
LOAD ./Drivers/STM32G0xx_HAL_Driver/stm32g0xx_hal_rcc.o
LOAD ./Drivers/STM32G0xx_HAL_Driver/stm32g0xx_hal_rcc_ex.o
LOAD ./Drivers/STM32G0xx_HAL_Driver/stm32g0xx_hal_tim.o
LOAD ./Drivers/STM32G0xx_HAL_Driver/stm32g0xx_hal_tim_ex.o
LOAD ./Drivers/STM32G0xx_HAL_Driver/stm32g0xx_ll_adc.o
LOAD ./Drivers/STM32G0xx_HAL_Driver/stm32g0xx_ll_rcc.o
START GROUP
LOAD C:/ST/STM32CubeIDE_1.19.0/STM32CubeIDE/plugins/com.st.stm32cube.ide.mcu.externaltools.gnu-tools-for-stm32.13.3.rel1.win32_1.0.0.202411081344/tools/bin/../lib/gcc/arm-none-eabi/13.3.1/../../../../arm-none-eabi/lib/thumb/v6-m/nofp\libc_nano.a
LOAD C:/ST/STM32CubeIDE_1.19.0/STM32CubeIDE/plugins/com.st.stm32cube.ide.mcu.externaltools.gnu-tools-for-stm32.13.3.rel1.win32_1.0.0.202411081344/tools/bin/../lib/gcc/arm-none-eabi/13.3.1/../../../../arm-none-eabi/lib/thumb/v6-m/nofp\libm.a
END GROUP
START GROUP
LOAD C:/ST/STM32CubeIDE_1.19.0/STM32CubeIDE/plugins/com.st.stm32cube.ide.mcu.externaltools.gnu-tools-for-stm32.13.3.rel1.win32_1.0.0.202411081344/tools/bin/../lib/gcc/arm-none-eabi/13.3.1/thumb/v6-m/nofp\libgcc.a
LOAD C:/ST/STM32CubeIDE_1.19.0/STM32CubeIDE/plugins/com.st.stm32cube.ide.mcu.externaltools.gnu-tools-for-stm32.13.3.rel1.win32_1.0.0.202411081344/tools/bin/../lib/gcc/arm-none-eabi/13.3.1/../../../../arm-none-eabi/lib/thumb/v6-m/nofp\libc_nano.a
END GROUP
START GROUP
LOAD C:/ST/STM32CubeIDE_1.19.0/STM32CubeIDE/plugins/com.st.stm32cube.ide.mcu.externaltools.gnu-tools-for-stm32.13.3.rel1.win32_1.0.0.202411081344/tools/bin/../lib/gcc/arm-none-eabi/13.3.1/thumb/v6-m/nofp\libgcc.a
LOAD C:/ST/STM32CubeIDE_1.19.0/STM32CubeIDE/plugins/com.st.stm32cube.ide.mcu.externaltools.gnu-tools-for-stm32.13.3.rel1.win32_1.0.0.202411081344/tools/bin/../lib/gcc/arm-none-eabi/13.3.1/../../../../arm-none-eabi/lib/thumb/v6-m/nofp\libc_nano.a
LOAD C:/ST/STM32CubeIDE_1.19.0/STM32CubeIDE/plugins/com.st.stm32cube.ide.mcu.externaltools.gnu-tools-for-stm32.13.3.rel1.win32_1.0.0.202411081344/tools/bin/../lib/gcc/arm-none-eabi/13.3.1/../../../../arm-none-eabi/lib/thumb/v6-m/nofp\libnosys.a
END GROUP
START GROUP
LOAD C:/ST/STM32CubeIDE_1.19.0/STM32CubeIDE/plugins/com.st.stm32cube.ide.mcu.externaltools.gnu-tools-for-stm32.13.3.rel1.win32_1.0.0.202411081344/tools/bin/../lib/gcc/arm-none-eabi/13.3.1/thumb/v6-m/nofp\libgcc.a
LOAD C:/ST/STM32CubeIDE_1.19.0/STM32CubeIDE/plugins/com.st.stm32cube.ide.mcu.externaltools.gnu-tools-for-stm32.13.3.rel1.win32_1.0.0.202411081344/tools/bin/../lib/gcc/arm-none-eabi/13.3.1/../../../../arm-none-eabi/lib/thumb/v6-m/nofp\libc_nano.a
LOAD C:/ST/STM32CubeIDE_1.19.0/STM32CubeIDE/plugins/com.st.stm32cube.ide.mcu.externaltools.gnu-tools-for-stm32.13.3.rel1.win32_1.0.0.202411081344/tools/bin/../lib/gcc/arm-none-eabi/13.3.1/../../../../arm-none-eabi/lib/thumb/v6-m/nofp\libnosys.a
END GROUP
LOAD C:/ST/STM32CubeIDE_1.19.0/STM32CubeIDE/plugins/com.st.stm32cube.ide.mcu.externaltools.gnu-tools-for-stm32.13.3.rel1.win32_1.0.0.202411081344/tools/bin/../lib/gcc/arm-none-eabi/13.3.1/thumb/v6-m/nofp/crtend.o
LOAD C:/ST/STM32CubeIDE_1.19.0/STM32CubeIDE/plugins/com.st.stm32cube.ide.mcu.externaltools.gnu-tools-for-stm32.13.3.rel1.win32_1.0.0.202411081344/tools/bin/../lib/gcc/arm-none-eabi/13.3.1/thumb/v6-m/nofp/crtn.o
                0x20009000                        _estack = (ORIGIN (RAM) + LENGTH (RAM))
                0x00000200                        _Min_Heap_Size = 0x200
                0x00000400                        _Min_Stack_Size = 0x400

.isr_vector     0x08000000       0xbc
                0x08000000                        . = ALIGN (0x4)
 *(.isr_vector)
 .isr_vector    0x08000000       0xbc ./Application/User/Startup/startup_stm32g071rbtx.o
                0x08000000                g_pfnVectors
                0x080000bc                        . = ALIGN (0x4)

.text           0x080000bc     0x3ca8
                0x080000bc                        . = ALIGN (0x4)
 *(.text)
 .text          0x080000bc       0x48 C:/ST/STM32CubeIDE_1.19.0/STM32CubeIDE/plugins/com.st.stm32cube.ide.mcu.externaltools.gnu-tools-for-stm32.13.3.rel1.win32_1.0.0.202411081344/tools/bin/../lib/gcc/arm-none-eabi/13.3.1/thumb/v6-m/nofp/crtbegin.o
 .text          0x08000104      0x114 C:/ST/STM32CubeIDE_1.19.0/STM32CubeIDE/plugins/com.st.stm32cube.ide.mcu.externaltools.gnu-tools-for-stm32.13.3.rel1.win32_1.0.0.202411081344/tools/bin/../lib/gcc/arm-none-eabi/13.3.1/thumb/v6-m/nofp\libgcc.a(_udivsi3.o)
                0x08000104                __aeabi_uidiv
                0x08000104                __udivsi3
                0x08000210                __aeabi_uidivmod
 .text          0x08000218        0x4 C:/ST/STM32CubeIDE_1.19.0/STM32CubeIDE/plugins/com.st.stm32cube.ide.mcu.externaltools.gnu-tools-for-stm32.13.3.rel1.win32_1.0.0.202411081344/tools/bin/../lib/gcc/arm-none-eabi/13.3.1/thumb/v6-m/nofp\libgcc.a(_dvmd_tls.o)
                0x08000218                __aeabi_idiv0
                0x08000218                __aeabi_ldiv0
 *(.text*)
 .text.MX_ADC1_Init
                0x0800021c       0xd4 ./Application/User/Core/adc.o
                0x0800021c                MX_ADC1_Init
 .text.HAL_ADC_MspInit
                0x080002f0       0x98 ./Application/User/Core/adc.o
                0x080002f0                HAL_ADC_MspInit
 .text.MX_GPIO_Init
                0x08000388       0x44 ./Application/User/Core/gpio.o
                0x08000388                MX_GPIO_Init
 .text.main     0x080003cc       0x48 ./Application/User/Core/main.o
                0x080003cc                main
 .text.SystemClock_Config
                0x08000414       0xbc ./Application/User/Core/main.o
                0x08000414                SystemClock_Config
 .text.HAL_ADC_ConvCpltCallback
                0x080004d0       0x24 ./Application/User/Core/main.o
                0x080004d0                HAL_ADC_ConvCpltCallback
 .text.HAL_TIM_PeriodElapsedCallback
                0x080004f4       0x54 ./Application/User/Core/main.o
                0x080004f4                HAL_TIM_PeriodElapsedCallback
 .text.Error_Handler
                0x08000548        0xc ./Application/User/Core/main.o
                0x08000548                Error_Handler
 .text.HAL_MspInit
                0x08000554       0x48 ./Application/User/Core/stm32g0xx_hal_msp.o
                0x08000554                HAL_MspInit
 .text.NMI_Handler
                0x0800059c        0x8 ./Application/User/Core/stm32g0xx_it.o
                0x0800059c                NMI_Handler
 .text.HardFault_Handler
                0x080005a4        0x8 ./Application/User/Core/stm32g0xx_it.o
                0x080005a4                HardFault_Handler
 .text.SVC_Handler
                0x080005ac        0xa ./Application/User/Core/stm32g0xx_it.o
                0x080005ac                SVC_Handler
 .text.PendSV_Handler
                0x080005b6        0xa ./Application/User/Core/stm32g0xx_it.o
                0x080005b6                PendSV_Handler
 .text.SysTick_Handler
                0x080005c0        0xe ./Application/User/Core/stm32g0xx_it.o
                0x080005c0                SysTick_Handler
 *fill*         0x080005ce        0x2 
 .text.ADC1_COMP_IRQHandler
                0x080005d0       0x18 ./Application/User/Core/stm32g0xx_it.o
                0x080005d0                ADC1_COMP_IRQHandler
 .text.TIM3_IRQHandler
                0x080005e8       0x18 ./Application/User/Core/stm32g0xx_it.o
                0x080005e8                TIM3_IRQHandler
 .text.MX_TIM3_Init
                0x08000600      0x100 ./Application/User/Core/tim.o
                0x08000600                MX_TIM3_Init
 .text.HAL_TIM_Base_MspInit
                0x08000700       0x4c ./Application/User/Core/tim.o
                0x08000700                HAL_TIM_Base_MspInit
 .text.HAL_TIM_MspPostInit
                0x0800074c       0x7c ./Application/User/Core/tim.o
                0x0800074c                HAL_TIM_MspPostInit
 .text.Reset_Handler
                0x080007c8       0x50 ./Application/User/Startup/startup_stm32g071rbtx.o
                0x080007c8                Reset_Handler
 .text.Default_Handler
                0x08000818        0x2 ./Application/User/Startup/startup_stm32g071rbtx.o
                0x08000818                USART3_4_LPUART1_IRQHandler
                0x08000818                TIM1_CC_IRQHandler
                0x08000818                PVD_IRQHandler
                0x08000818                I2C1_IRQHandler
                0x08000818                TIM7_LPTIM2_IRQHandler
                0x08000818                RTC_TAMP_IRQHandler
                0x08000818                SPI1_IRQHandler
                0x08000818                EXTI2_3_IRQHandler
                0x08000818                I2C2_IRQHandler
                0x08000818                TIM17_IRQHandler
                0x08000818                TIM16_IRQHandler
                0x08000818                EXTI4_15_IRQHandler
                0x08000818                RCC_IRQHandler
                0x08000818                DMA1_Channel1_IRQHandler
                0x08000818                Default_Handler
                0x08000818                CEC_IRQHandler
                0x08000818                TIM14_IRQHandler
                0x08000818                TIM15_IRQHandler
                0x08000818                EXTI0_1_IRQHandler
                0x08000818                SPI2_IRQHandler
                0x08000818                TIM6_DAC_LPTIM1_IRQHandler
                0x08000818                WWDG_IRQHandler
                0x08000818                TIM2_IRQHandler
                0x08000818                DMA1_Ch4_7_DMAMUX1_OVR_IRQHandler
                0x08000818                DMA1_Channel2_3_IRQHandler
                0x08000818                UCPD1_2_IRQHandler
                0x08000818                USART2_IRQHandler
                0x08000818                FLASH_IRQHandler
                0x08000818                USART1_IRQHandler
                0x08000818                TIM1_BRK_UP_TRG_COM_IRQHandler
 .text.SystemInit
                0x0800081a        0xa ./Drivers/CMSIS/system_stm32g0xx.o
                0x0800081a                SystemInit
 .text.HAL_Init
                0x08000824       0x40 ./Drivers/STM32G0xx_HAL_Driver/stm32g0xx_hal.o
                0x08000824                HAL_Init
 .text.HAL_InitTick
                0x08000864       0x94 ./Drivers/STM32G0xx_HAL_Driver/stm32g0xx_hal.o
                0x08000864                HAL_InitTick
 .text.HAL_IncTick
                0x080008f8       0x24 ./Drivers/STM32G0xx_HAL_Driver/stm32g0xx_hal.o
                0x080008f8                HAL_IncTick
 .text.HAL_GetTick
                0x0800091c       0x14 ./Drivers/STM32G0xx_HAL_Driver/stm32g0xx_hal.o
                0x0800091c                HAL_GetTick
 .text.LL_ADC_SetCommonPathInternalCh
                0x08000930       0x28 ./Drivers/STM32G0xx_HAL_Driver/stm32g0xx_hal_adc.o
 .text.LL_ADC_GetCommonPathInternalCh
                0x08000958       0x1a ./Drivers/STM32G0xx_HAL_Driver/stm32g0xx_hal_adc.o
 .text.LL_ADC_SetSamplingTimeCommonChannels
                0x08000972       0x3a ./Drivers/STM32G0xx_HAL_Driver/stm32g0xx_hal_adc.o
 .text.LL_ADC_GetSamplingTimeCommonChannels
                0x080009ac       0x2e ./Drivers/STM32G0xx_HAL_Driver/stm32g0xx_hal_adc.o
 .text.LL_ADC_REG_IsTriggerSourceSWStart
                0x080009da       0x22 ./Drivers/STM32G0xx_HAL_Driver/stm32g0xx_hal_adc.o
 .text.LL_ADC_REG_SetSequencerRanks
                0x080009fc       0x40 ./Drivers/STM32G0xx_HAL_Driver/stm32g0xx_hal_adc.o
 .text.LL_ADC_REG_SetSequencerChAdd
                0x08000a3c       0x22 ./Drivers/STM32G0xx_HAL_Driver/stm32g0xx_hal_adc.o
 .text.LL_ADC_REG_SetSequencerChRem
                0x08000a5e       0x24 ./Drivers/STM32G0xx_HAL_Driver/stm32g0xx_hal_adc.o
 .text.LL_ADC_REG_GetDMATransfer
                0x08000a82       0x18 ./Drivers/STM32G0xx_HAL_Driver/stm32g0xx_hal_adc.o
 *fill*         0x08000a9a        0x2 
 .text.LL_ADC_SetChannelSamplingTime
                0x08000a9c       0x38 ./Drivers/STM32G0xx_HAL_Driver/stm32g0xx_hal_adc.o
 .text.LL_ADC_EnableInternalRegulator
                0x08000ad4       0x28 ./Drivers/STM32G0xx_HAL_Driver/stm32g0xx_hal_adc.o
 .text.LL_ADC_IsInternalRegulatorEnabled
                0x08000afc       0x28 ./Drivers/STM32G0xx_HAL_Driver/stm32g0xx_hal_adc.o
 .text.LL_ADC_Enable
                0x08000b24       0x24 ./Drivers/STM32G0xx_HAL_Driver/stm32g0xx_hal_adc.o
 .text.LL_ADC_Disable
                0x08000b48       0x24 ./Drivers/STM32G0xx_HAL_Driver/stm32g0xx_hal_adc.o
 .text.LL_ADC_IsEnabled
                0x08000b6c       0x22 ./Drivers/STM32G0xx_HAL_Driver/stm32g0xx_hal_adc.o
 .text.LL_ADC_IsDisableOngoing
                0x08000b8e       0x22 ./Drivers/STM32G0xx_HAL_Driver/stm32g0xx_hal_adc.o
 .text.LL_ADC_REG_StartConversion
                0x08000bb0       0x24 ./Drivers/STM32G0xx_HAL_Driver/stm32g0xx_hal_adc.o
 .text.LL_ADC_REG_IsConversionOngoing
                0x08000bd4       0x22 ./Drivers/STM32G0xx_HAL_Driver/stm32g0xx_hal_adc.o
 *fill*         0x08000bf6        0x2 
 .text.HAL_ADC_Init
                0x08000bf8      0x350 ./Drivers/STM32G0xx_HAL_Driver/stm32g0xx_hal_adc.o
                0x08000bf8                HAL_ADC_Init
 .text.HAL_ADC_Start_IT
                0x08000f48       0xf0 ./Drivers/STM32G0xx_HAL_Driver/stm32g0xx_hal_adc.o
                0x08000f48                HAL_ADC_Start_IT
 .text.HAL_ADC_GetValue
                0x08001038       0x16 ./Drivers/STM32G0xx_HAL_Driver/stm32g0xx_hal_adc.o
                0x08001038                HAL_ADC_GetValue
 *fill*         0x0800104e        0x2 
 .text.HAL_ADC_IRQHandler
                0x08001050      0x230 ./Drivers/STM32G0xx_HAL_Driver/stm32g0xx_hal_adc.o
                0x08001050                HAL_ADC_IRQHandler
 .text.HAL_ADC_LevelOutOfWindowCallback
                0x08001280       0x10 ./Drivers/STM32G0xx_HAL_Driver/stm32g0xx_hal_adc.o
                0x08001280                HAL_ADC_LevelOutOfWindowCallback
 .text.HAL_ADC_ErrorCallback
                0x08001290       0x10 ./Drivers/STM32G0xx_HAL_Driver/stm32g0xx_hal_adc.o
                0x08001290                HAL_ADC_ErrorCallback
 .text.HAL_ADC_ConfigChannel
                0x080012a0      0x3b0 ./Drivers/STM32G0xx_HAL_Driver/stm32g0xx_hal_adc.o
                0x080012a0                HAL_ADC_ConfigChannel
 .text.ADC_Enable
                0x08001650      0x10c ./Drivers/STM32G0xx_HAL_Driver/stm32g0xx_hal_adc.o
                0x08001650                ADC_Enable
 .text.ADC_Disable
                0x0800175c       0xbc ./Drivers/STM32G0xx_HAL_Driver/stm32g0xx_hal_adc.o
                0x0800175c                ADC_Disable
 .text.LL_ADC_GetCommonClock
                0x08001818       0x1a ./Drivers/STM32G0xx_HAL_Driver/stm32g0xx_hal_adc_ex.o
 .text.LL_ADC_GetClock
                0x08001832       0x18 ./Drivers/STM32G0xx_HAL_Driver/stm32g0xx_hal_adc_ex.o
 .text.LL_ADC_SetCalibrationFactor
                0x0800184a       0x28 ./Drivers/STM32G0xx_HAL_Driver/stm32g0xx_hal_adc_ex.o
 .text.LL_ADC_GetCalibrationFactor
                0x08001872       0x1a ./Drivers/STM32G0xx_HAL_Driver/stm32g0xx_hal_adc_ex.o
 .text.LL_ADC_Enable
                0x0800188c       0x24 ./Drivers/STM32G0xx_HAL_Driver/stm32g0xx_hal_adc_ex.o
 .text.LL_ADC_Disable
                0x080018b0       0x24 ./Drivers/STM32G0xx_HAL_Driver/stm32g0xx_hal_adc_ex.o
 .text.LL_ADC_IsEnabled
                0x080018d4       0x22 ./Drivers/STM32G0xx_HAL_Driver/stm32g0xx_hal_adc_ex.o
 *fill*         0x080018f6        0x2 
 .text.LL_ADC_StartCalibration
                0x080018f8       0x28 ./Drivers/STM32G0xx_HAL_Driver/stm32g0xx_hal_adc_ex.o
 .text.LL_ADC_IsCalibrationOnGoing
                0x08001920       0x26 ./Drivers/STM32G0xx_HAL_Driver/stm32g0xx_hal_adc_ex.o
 *fill*         0x08001946        0x2 
 .text.HAL_ADCEx_Calibration_Start
                0x08001948      0x1f8 ./Drivers/STM32G0xx_HAL_Driver/stm32g0xx_hal_adc_ex.o
                0x08001948                HAL_ADCEx_Calibration_Start
 .text.HAL_ADCEx_LevelOutOfWindow2Callback
                0x08001b40       0x10 ./Drivers/STM32G0xx_HAL_Driver/stm32g0xx_hal_adc_ex.o
                0x08001b40                HAL_ADCEx_LevelOutOfWindow2Callback
 .text.HAL_ADCEx_LevelOutOfWindow3Callback
                0x08001b50       0x10 ./Drivers/STM32G0xx_HAL_Driver/stm32g0xx_hal_adc_ex.o
                0x08001b50                HAL_ADCEx_LevelOutOfWindow3Callback
 .text.HAL_ADCEx_EndOfSamplingCallback
                0x08001b60       0x10 ./Drivers/STM32G0xx_HAL_Driver/stm32g0xx_hal_adc_ex.o
                0x08001b60                HAL_ADCEx_EndOfSamplingCallback
 .text.HAL_ADCEx_ChannelConfigReadyCallback
                0x08001b70       0x10 ./Drivers/STM32G0xx_HAL_Driver/stm32g0xx_hal_adc_ex.o
                0x08001b70                HAL_ADCEx_ChannelConfigReadyCallback
 .text.__NVIC_EnableIRQ
                0x08001b80       0x34 ./Drivers/STM32G0xx_HAL_Driver/stm32g0xx_hal_cortex.o
 .text.__NVIC_SetPriority
                0x08001bb4       0xdc ./Drivers/STM32G0xx_HAL_Driver/stm32g0xx_hal_cortex.o
 .text.SysTick_Config
                0x08001c90       0x48 ./Drivers/STM32G0xx_HAL_Driver/stm32g0xx_hal_cortex.o
 .text.HAL_NVIC_SetPriority
                0x08001cd8       0x2a ./Drivers/STM32G0xx_HAL_Driver/stm32g0xx_hal_cortex.o
                0x08001cd8                HAL_NVIC_SetPriority
 .text.HAL_NVIC_EnableIRQ
                0x08001d02       0x20 ./Drivers/STM32G0xx_HAL_Driver/stm32g0xx_hal_cortex.o
                0x08001d02                HAL_NVIC_EnableIRQ
 .text.HAL_SYSTICK_Config
                0x08001d22       0x1a ./Drivers/STM32G0xx_HAL_Driver/stm32g0xx_hal_cortex.o
                0x08001d22                HAL_SYSTICK_Config
 .text.HAL_GPIO_Init
                0x08001d3c      0x2c8 ./Drivers/STM32G0xx_HAL_Driver/stm32g0xx_hal_gpio.o
                0x08001d3c                HAL_GPIO_Init
 .text.HAL_PWREx_ControlVoltageScaling
                0x08002004       0x80 ./Drivers/STM32G0xx_HAL_Driver/stm32g0xx_hal_pwr_ex.o
                0x08002004                HAL_PWREx_ControlVoltageScaling
 .text.HAL_RCC_OscConfig
                0x08002084      0x634 ./Drivers/STM32G0xx_HAL_Driver/stm32g0xx_hal_rcc.o
                0x08002084                HAL_RCC_OscConfig
 .text.HAL_RCC_ClockConfig
                0x080026b8      0x210 ./Drivers/STM32G0xx_HAL_Driver/stm32g0xx_hal_rcc.o
                0x080026b8                HAL_RCC_ClockConfig
 .text.HAL_RCC_GetSysClockFreq
                0x080028c8      0x104 ./Drivers/STM32G0xx_HAL_Driver/stm32g0xx_hal_rcc.o
                0x080028c8                HAL_RCC_GetSysClockFreq
 .text.HAL_TIM_Base_Init
                0x080029cc       0xb0 ./Drivers/STM32G0xx_HAL_Driver/stm32g0xx_hal_tim.o
                0x080029cc                HAL_TIM_Base_Init
 .text.HAL_TIM_Base_Start_IT
                0x08002a7c       0xb8 ./Drivers/STM32G0xx_HAL_Driver/stm32g0xx_hal_tim.o
                0x08002a7c                HAL_TIM_Base_Start_IT
 .text.HAL_TIM_PWM_Init
                0x08002b34       0xb0 ./Drivers/STM32G0xx_HAL_Driver/stm32g0xx_hal_tim.o
                0x08002b34                HAL_TIM_PWM_Init
 .text.HAL_TIM_PWM_MspInit
                0x08002be4       0x10 ./Drivers/STM32G0xx_HAL_Driver/stm32g0xx_hal_tim.o
                0x08002be4                HAL_TIM_PWM_MspInit
 .text.HAL_TIM_PWM_Start
                0x08002bf4      0x1d4 ./Drivers/STM32G0xx_HAL_Driver/stm32g0xx_hal_tim.o
                0x08002bf4                HAL_TIM_PWM_Start
 .text.HAL_TIM_IRQHandler
                0x08002dc8      0x210 ./Drivers/STM32G0xx_HAL_Driver/stm32g0xx_hal_tim.o
                0x08002dc8                HAL_TIM_IRQHandler
 .text.HAL_TIM_PWM_ConfigChannel
                0x08002fd8      0x200 ./Drivers/STM32G0xx_HAL_Driver/stm32g0xx_hal_tim.o
                0x08002fd8                HAL_TIM_PWM_ConfigChannel
 .text.HAL_TIM_ConfigClockSource
                0x080031d8      0x1ac ./Drivers/STM32G0xx_HAL_Driver/stm32g0xx_hal_tim.o
                0x080031d8                HAL_TIM_ConfigClockSource
 .text.HAL_TIM_OC_DelayElapsedCallback
                0x08003384       0x10 ./Drivers/STM32G0xx_HAL_Driver/stm32g0xx_hal_tim.o
                0x08003384                HAL_TIM_OC_DelayElapsedCallback
 .text.HAL_TIM_IC_CaptureCallback
                0x08003394       0x10 ./Drivers/STM32G0xx_HAL_Driver/stm32g0xx_hal_tim.o
                0x08003394                HAL_TIM_IC_CaptureCallback
 .text.HAL_TIM_PWM_PulseFinishedCallback
                0x080033a4       0x10 ./Drivers/STM32G0xx_HAL_Driver/stm32g0xx_hal_tim.o
                0x080033a4                HAL_TIM_PWM_PulseFinishedCallback
 .text.HAL_TIM_TriggerCallback
                0x080033b4       0x10 ./Drivers/STM32G0xx_HAL_Driver/stm32g0xx_hal_tim.o
                0x080033b4                HAL_TIM_TriggerCallback
 .text.TIM_Base_SetConfig
                0x080033c4      0x11c ./Drivers/STM32G0xx_HAL_Driver/stm32g0xx_hal_tim.o
                0x080033c4                TIM_Base_SetConfig
 .text.TIM_OC1_SetConfig
                0x080034e0      0x114 ./Drivers/STM32G0xx_HAL_Driver/stm32g0xx_hal_tim.o
 .text.TIM_OC2_SetConfig
                0x080035f4      0x108 ./Drivers/STM32G0xx_HAL_Driver/stm32g0xx_hal_tim.o
                0x080035f4                TIM_OC2_SetConfig
 .text.TIM_OC3_SetConfig
                0x080036fc      0x110 ./Drivers/STM32G0xx_HAL_Driver/stm32g0xx_hal_tim.o
 .text.TIM_OC4_SetConfig
                0x0800380c       0xd4 ./Drivers/STM32G0xx_HAL_Driver/stm32g0xx_hal_tim.o
 .text.TIM_OC5_SetConfig
                0x080038e0       0xc0 ./Drivers/STM32G0xx_HAL_Driver/stm32g0xx_hal_tim.o
 .text.TIM_OC6_SetConfig
                0x080039a0       0xc8 ./Drivers/STM32G0xx_HAL_Driver/stm32g0xx_hal_tim.o
 .text.TIM_TI1_ConfigInputStage
                0x08003a68       0x5c ./Drivers/STM32G0xx_HAL_Driver/stm32g0xx_hal_tim.o
 .text.TIM_TI2_ConfigInputStage
                0x08003ac4       0x64 ./Drivers/STM32G0xx_HAL_Driver/stm32g0xx_hal_tim.o
 .text.TIM_ITRx_SetConfig
                0x08003b28       0x38 ./Drivers/STM32G0xx_HAL_Driver/stm32g0xx_hal_tim.o
 .text.TIM_ETR_SetConfig
                0x08003b60       0x40 ./Drivers/STM32G0xx_HAL_Driver/stm32g0xx_hal_tim.o
                0x08003b60                TIM_ETR_SetConfig
 .text.TIM_CCxChannelCmd
                0x08003ba0       0x46 ./Drivers/STM32G0xx_HAL_Driver/stm32g0xx_hal_tim.o
                0x08003ba0                TIM_CCxChannelCmd
 *fill*         0x08003be6        0x2 
 .text.HAL_TIMEx_MasterConfigSynchronization
                0x08003be8       0xdc ./Drivers/STM32G0xx_HAL_Driver/stm32g0xx_hal_tim_ex.o
                0x08003be8                HAL_TIMEx_MasterConfigSynchronization
 .text.HAL_TIMEx_CommutCallback
                0x08003cc4       0x10 ./Drivers/STM32G0xx_HAL_Driver/stm32g0xx_hal_tim_ex.o
                0x08003cc4                HAL_TIMEx_CommutCallback
 .text.HAL_TIMEx_BreakCallback
                0x08003cd4       0x10 ./Drivers/STM32G0xx_HAL_Driver/stm32g0xx_hal_tim_ex.o
                0x08003cd4                HAL_TIMEx_BreakCallback
 .text.HAL_TIMEx_Break2Callback
                0x08003ce4       0x10 ./Drivers/STM32G0xx_HAL_Driver/stm32g0xx_hal_tim_ex.o
                0x08003ce4                HAL_TIMEx_Break2Callback
 .text.memset   0x08003cf4       0x10 C:/ST/STM32CubeIDE_1.19.0/STM32CubeIDE/plugins/com.st.stm32cube.ide.mcu.externaltools.gnu-tools-for-stm32.13.3.rel1.win32_1.0.0.202411081344/tools/bin/../lib/gcc/arm-none-eabi/13.3.1/../../../../arm-none-eabi/lib/thumb/v6-m/nofp\libc_nano.a(libc_a-memset.o)
                0x08003cf4                memset
 .text.__libc_init_array
                0x08003d04       0x48 C:/ST/STM32CubeIDE_1.19.0/STM32CubeIDE/plugins/com.st.stm32cube.ide.mcu.externaltools.gnu-tools-for-stm32.13.3.rel1.win32_1.0.0.202411081344/tools/bin/../lib/gcc/arm-none-eabi/13.3.1/../../../../arm-none-eabi/lib/thumb/v6-m/nofp\libc_nano.a(libc_a-init.o)
                0x08003d04                __libc_init_array
 *(.glue_7)
 .glue_7        0x08003d4c        0x0 linker stubs
 *(.glue_7t)
 .glue_7t       0x08003d4c        0x0 linker stubs
 *(.eh_frame)
 .eh_frame      0x08003d4c        0x0 C:/ST/STM32CubeIDE_1.19.0/STM32CubeIDE/plugins/com.st.stm32cube.ide.mcu.externaltools.gnu-tools-for-stm32.13.3.rel1.win32_1.0.0.202411081344/tools/bin/../lib/gcc/arm-none-eabi/13.3.1/thumb/v6-m/nofp/crtbegin.o
 *(.init)
 .init          0x08003d4c        0x4 C:/ST/STM32CubeIDE_1.19.0/STM32CubeIDE/plugins/com.st.stm32cube.ide.mcu.externaltools.gnu-tools-for-stm32.13.3.rel1.win32_1.0.0.202411081344/tools/bin/../lib/gcc/arm-none-eabi/13.3.1/thumb/v6-m/nofp/crti.o
                0x08003d4c                _init
 .init          0x08003d50        0x8 C:/ST/STM32CubeIDE_1.19.0/STM32CubeIDE/plugins/com.st.stm32cube.ide.mcu.externaltools.gnu-tools-for-stm32.13.3.rel1.win32_1.0.0.202411081344/tools/bin/../lib/gcc/arm-none-eabi/13.3.1/thumb/v6-m/nofp/crtn.o
 *(.fini)
 .fini          0x08003d58        0x4 C:/ST/STM32CubeIDE_1.19.0/STM32CubeIDE/plugins/com.st.stm32cube.ide.mcu.externaltools.gnu-tools-for-stm32.13.3.rel1.win32_1.0.0.202411081344/tools/bin/../lib/gcc/arm-none-eabi/13.3.1/thumb/v6-m/nofp/crti.o
                0x08003d58                _fini
 .fini          0x08003d5c        0x8 C:/ST/STM32CubeIDE_1.19.0/STM32CubeIDE/plugins/com.st.stm32cube.ide.mcu.externaltools.gnu-tools-for-stm32.13.3.rel1.win32_1.0.0.202411081344/tools/bin/../lib/gcc/arm-none-eabi/13.3.1/thumb/v6-m/nofp/crtn.o
                0x08003d64                        . = ALIGN (0x4)
                0x08003d64                        _etext = .

.vfp11_veneer   0x08003d64        0x0
 .vfp11_veneer  0x08003d64        0x0 linker stubs

.v4_bx          0x08003d64        0x0
 .v4_bx         0x08003d64        0x0 linker stubs

.iplt           0x08003d64        0x0
 .iplt          0x08003d64        0x0 C:/ST/STM32CubeIDE_1.19.0/STM32CubeIDE/plugins/com.st.stm32cube.ide.mcu.externaltools.gnu-tools-for-stm32.13.3.rel1.win32_1.0.0.202411081344/tools/bin/../lib/gcc/arm-none-eabi/13.3.1/thumb/v6-m/nofp/crtbegin.o

.rodata         0x08003d64       0x94
                0x08003d64                        . = ALIGN (0x4)
 *(.rodata)
 *(.rodata*)
 .rodata.AHBPrescTable
                0x08003d64       0x40 ./Drivers/CMSIS/system_stm32g0xx.o
                0x08003d64                AHBPrescTable
 .rodata.HAL_TIM_PWM_ConfigChannel
                0x08003da4       0x54 ./Drivers/STM32G0xx_HAL_Driver/stm32g0xx_hal_tim.o
                0x08003df8                        . = ALIGN (0x4)

.ARM.extab      0x08003df8        0x0
                0x08003df8                        . = ALIGN (0x4)
 *(.ARM.extab* .gnu.linkonce.armextab.*)
                0x08003df8                        . = ALIGN (0x4)

.ARM            0x08003df8        0x0
                0x08003df8                        . = ALIGN (0x4)
                0x08003df8                        __exidx_start = .
 *(.ARM.exidx*)
                0x08003df8                        __exidx_end = .
                0x08003df8                        . = ALIGN (0x4)

.preinit_array  0x08003df8        0x0
                0x08003df8                        . = ALIGN (0x4)
                0x08003df8                        PROVIDE (__preinit_array_start = .)
 *(.preinit_array*)
                0x08003df8                        PROVIDE (__preinit_array_end = .)
                0x08003df8                        . = ALIGN (0x4)

.init_array     0x08003df8        0x4
                0x08003df8                        . = ALIGN (0x4)
                0x08003df8                        PROVIDE (__init_array_start = .)
 *(SORT_BY_NAME(.init_array.*))
 *(.init_array*)
 .init_array    0x08003df8        0x4 C:/ST/STM32CubeIDE_1.19.0/STM32CubeIDE/plugins/com.st.stm32cube.ide.mcu.externaltools.gnu-tools-for-stm32.13.3.rel1.win32_1.0.0.202411081344/tools/bin/../lib/gcc/arm-none-eabi/13.3.1/thumb/v6-m/nofp/crtbegin.o
                0x08003dfc                        PROVIDE (__init_array_end = .)
                0x08003dfc                        . = ALIGN (0x4)

.fini_array     0x08003dfc        0x4
                0x08003dfc                        . = ALIGN (0x4)
                [!provide]                        PROVIDE (__fini_array_start = .)
 *(SORT_BY_NAME(.fini_array.*))
 *(.fini_array*)
 .fini_array    0x08003dfc        0x4 C:/ST/STM32CubeIDE_1.19.0/STM32CubeIDE/plugins/com.st.stm32cube.ide.mcu.externaltools.gnu-tools-for-stm32.13.3.rel1.win32_1.0.0.202411081344/tools/bin/../lib/gcc/arm-none-eabi/13.3.1/thumb/v6-m/nofp/crtbegin.o
                [!provide]                        PROVIDE (__fini_array_end = .)
                0x08003e00                        . = ALIGN (0x4)
                0x08003e00                        _sidata = LOADADDR (.data)

.rel.dyn        0x08003e00        0x0
 .rel.iplt      0x08003e00        0x0 C:/ST/STM32CubeIDE_1.19.0/STM32CubeIDE/plugins/com.st.stm32cube.ide.mcu.externaltools.gnu-tools-for-stm32.13.3.rel1.win32_1.0.0.202411081344/tools/bin/../lib/gcc/arm-none-eabi/13.3.1/thumb/v6-m/nofp/crtbegin.o

.data           0x20000000        0xc load address 0x08003e00
                0x20000000                        . = ALIGN (0x4)
                0x20000000                        _sdata = .
 *(.data)
 *(.data*)
 .data.SystemCoreClock
                0x20000000        0x4 ./Drivers/CMSIS/system_stm32g0xx.o
                0x20000000                SystemCoreClock
 .data.uwTickPrio
                0x20000004        0x4 ./Drivers/STM32G0xx_HAL_Driver/stm32g0xx_hal.o
                0x20000004                uwTickPrio
 .data.uwTickFreq
                0x20000008        0x1 ./Drivers/STM32G0xx_HAL_Driver/stm32g0xx_hal.o
                0x20000008                uwTickFreq
 *(.RamFunc)
 *(.RamFunc*)
                0x2000000c                        . = ALIGN (0x4)
 *fill*         0x20000009        0x3 
                0x2000000c                        _edata = .

.igot.plt       0x2000000c        0x0 load address 0x08003e0c
 .igot.plt      0x2000000c        0x0 C:/ST/STM32CubeIDE_1.19.0/STM32CubeIDE/plugins/com.st.stm32cube.ide.mcu.externaltools.gnu-tools-for-stm32.13.3.rel1.win32_1.0.0.202411081344/tools/bin/../lib/gcc/arm-none-eabi/13.3.1/thumb/v6-m/nofp/crtbegin.o
                0x2000000c                        . = ALIGN (0x4)

.bss            0x2000000c       0xd8 load address 0x08003e0c
                0x2000000c                        _sbss = .
                0x2000000c                        __bss_start__ = _sbss
 *(.bss)
 .bss           0x2000000c       0x1c C:/ST/STM32CubeIDE_1.19.0/STM32CubeIDE/plugins/com.st.stm32cube.ide.mcu.externaltools.gnu-tools-for-stm32.13.3.rel1.win32_1.0.0.202411081344/tools/bin/../lib/gcc/arm-none-eabi/13.3.1/thumb/v6-m/nofp/crtbegin.o
 *(.bss*)
 .bss.hadc1     0x20000028       0x64 ./Application/User/Core/adc.o
                0x20000028                hadc1
 .bss.adcValue  0x2000008c        0x4 ./Application/User/Core/main.o
                0x2000008c                adcValue
 .bss.pwmValue  0x20000090        0x4 ./Application/User/Core/main.o
                0x20000090                pwmValue
 .bss.htim3     0x20000094       0x4c ./Application/User/Core/tim.o
                0x20000094                htim3
 .bss.uwTick    0x200000e0        0x4 ./Drivers/STM32G0xx_HAL_Driver/stm32g0xx_hal.o
                0x200000e0                uwTick
 *(COMMON)
                0x200000e4                        . = ALIGN (0x4)
                0x200000e4                        _ebss = .
                0x200000e4                        __bss_end__ = _ebss

._user_heap_stack
                0x200000e4      0x604 load address 0x08003e0c
                0x200000e8                        . = ALIGN (0x8)
 *fill*         0x200000e4        0x4 
                [!provide]                        PROVIDE (end = .)
                0x200000e8                        PROVIDE (_end = .)
                0x200002e8                        . = (. + _Min_Heap_Size)
 *fill*         0x200000e8      0x200 
                0x200006e8                        . = (. + _Min_Stack_Size)
 *fill*         0x200002e8      0x400 
                0x200006e8                        . = ALIGN (0x8)

/DISCARD/
 libc.a(*)
 libm.a(*)
 libgcc.a(*)

.ARM.attributes
                0x00000000       0x28
 *(.ARM.attributes)
 .ARM.attributes
                0x00000000       0x1e C:/ST/STM32CubeIDE_1.19.0/STM32CubeIDE/plugins/com.st.stm32cube.ide.mcu.externaltools.gnu-tools-for-stm32.13.3.rel1.win32_1.0.0.202411081344/tools/bin/../lib/gcc/arm-none-eabi/13.3.1/thumb/v6-m/nofp/crti.o
 .ARM.attributes
                0x0000001e       0x2c C:/ST/STM32CubeIDE_1.19.0/STM32CubeIDE/plugins/com.st.stm32cube.ide.mcu.externaltools.gnu-tools-for-stm32.13.3.rel1.win32_1.0.0.202411081344/tools/bin/../lib/gcc/arm-none-eabi/13.3.1/thumb/v6-m/nofp/crtbegin.o
 .ARM.attributes
                0x0000004a       0x2c ./Application/User/Core/adc.o
 .ARM.attributes
                0x00000076       0x2c ./Application/User/Core/gpio.o
 .ARM.attributes
                0x000000a2       0x2c ./Application/User/Core/main.o
 .ARM.attributes
                0x000000ce       0x2c ./Application/User/Core/stm32g0xx_hal_msp.o
 .ARM.attributes
                0x000000fa       0x2c ./Application/User/Core/stm32g0xx_it.o
 .ARM.attributes
                0x00000126       0x2c ./Application/User/Core/tim.o
 .ARM.attributes
                0x00000152       0x22 ./Application/User/Startup/startup_stm32g071rbtx.o
 .ARM.attributes
                0x00000174       0x2c ./Drivers/CMSIS/system_stm32g0xx.o
 .ARM.attributes
                0x000001a0       0x2c ./Drivers/STM32G0xx_HAL_Driver/stm32g0xx_hal.o
 .ARM.attributes
                0x000001cc       0x2c ./Drivers/STM32G0xx_HAL_Driver/stm32g0xx_hal_adc.o
 .ARM.attributes
                0x000001f8       0x2c ./Drivers/STM32G0xx_HAL_Driver/stm32g0xx_hal_adc_ex.o
 .ARM.attributes
                0x00000224       0x2c ./Drivers/STM32G0xx_HAL_Driver/stm32g0xx_hal_cortex.o
 .ARM.attributes
                0x00000250       0x2c ./Drivers/STM32G0xx_HAL_Driver/stm32g0xx_hal_gpio.o
 .ARM.attributes
                0x0000027c       0x2c ./Drivers/STM32G0xx_HAL_Driver/stm32g0xx_hal_pwr_ex.o
 .ARM.attributes
                0x000002a8       0x2c ./Drivers/STM32G0xx_HAL_Driver/stm32g0xx_hal_rcc.o
 .ARM.attributes
                0x000002d4       0x2c ./Drivers/STM32G0xx_HAL_Driver/stm32g0xx_hal_tim.o
 .ARM.attributes
                0x00000300       0x2c ./Drivers/STM32G0xx_HAL_Driver/stm32g0xx_hal_tim_ex.o
 .ARM.attributes
                0x0000032c       0x2c C:/ST/STM32CubeIDE_1.19.0/STM32CubeIDE/plugins/com.st.stm32cube.ide.mcu.externaltools.gnu-tools-for-stm32.13.3.rel1.win32_1.0.0.202411081344/tools/bin/../lib/gcc/arm-none-eabi/13.3.1/../../../../arm-none-eabi/lib/thumb/v6-m/nofp\libc_nano.a(libc_a-memset.o)
 .ARM.attributes
                0x00000358       0x2c C:/ST/STM32CubeIDE_1.19.0/STM32CubeIDE/plugins/com.st.stm32cube.ide.mcu.externaltools.gnu-tools-for-stm32.13.3.rel1.win32_1.0.0.202411081344/tools/bin/../lib/gcc/arm-none-eabi/13.3.1/../../../../arm-none-eabi/lib/thumb/v6-m/nofp\libc_nano.a(libc_a-init.o)
 .ARM.attributes
                0x00000384       0x1e C:/ST/STM32CubeIDE_1.19.0/STM32CubeIDE/plugins/com.st.stm32cube.ide.mcu.externaltools.gnu-tools-for-stm32.13.3.rel1.win32_1.0.0.202411081344/tools/bin/../lib/gcc/arm-none-eabi/13.3.1/thumb/v6-m/nofp\libgcc.a(_udivsi3.o)
 .ARM.attributes
                0x000003a2       0x1e C:/ST/STM32CubeIDE_1.19.0/STM32CubeIDE/plugins/com.st.stm32cube.ide.mcu.externaltools.gnu-tools-for-stm32.13.3.rel1.win32_1.0.0.202411081344/tools/bin/../lib/gcc/arm-none-eabi/13.3.1/thumb/v6-m/nofp\libgcc.a(_dvmd_tls.o)
 .ARM.attributes
                0x000003c0       0x1e C:/ST/STM32CubeIDE_1.19.0/STM32CubeIDE/plugins/com.st.stm32cube.ide.mcu.externaltools.gnu-tools-for-stm32.13.3.rel1.win32_1.0.0.202411081344/tools/bin/../lib/gcc/arm-none-eabi/13.3.1/thumb/v6-m/nofp/crtn.o
OUTPUT(EP11.elf elf32-littlearm)
LOAD linker stubs
LOAD C:/ST/STM32CubeIDE_1.19.0/STM32CubeIDE/plugins/com.st.stm32cube.ide.mcu.externaltools.gnu-tools-for-stm32.13.3.rel1.win32_1.0.0.202411081344/tools/bin/../lib/gcc/arm-none-eabi/13.3.1/../../../../arm-none-eabi/lib/thumb/v6-m/nofp\libc.a
LOAD C:/ST/STM32CubeIDE_1.19.0/STM32CubeIDE/plugins/com.st.stm32cube.ide.mcu.externaltools.gnu-tools-for-stm32.13.3.rel1.win32_1.0.0.202411081344/tools/bin/../lib/gcc/arm-none-eabi/13.3.1/../../../../arm-none-eabi/lib/thumb/v6-m/nofp\libm.a
LOAD C:/ST/STM32CubeIDE_1.19.0/STM32CubeIDE/plugins/com.st.stm32cube.ide.mcu.externaltools.gnu-tools-for-stm32.13.3.rel1.win32_1.0.0.202411081344/tools/bin/../lib/gcc/arm-none-eabi/13.3.1/thumb/v6-m/nofp\libgcc.a

.debug_info     0x00000000     0xccf9
 .debug_info    0x00000000      0xc70 ./Application/User/Core/adc.o
 .debug_info    0x00000c70      0x265 ./Application/User/Core/gpio.o
 .debug_info    0x00000ed5      0xe0a ./Application/User/Core/main.o
 .debug_info    0x00001cdf      0x265 ./Application/User/Core/stm32g0xx_hal_msp.o
 .debug_info    0x00001f44      0xb46 ./Application/User/Core/stm32g0xx_it.o
 .debug_info    0x00002a8a      0xe23 ./Application/User/Core/tim.o
 .debug_info    0x000038ad       0x30 ./Application/User/Startup/startup_stm32g071rbtx.o
 .debug_info    0x000038dd      0x316 ./Drivers/CMSIS/system_stm32g0xx.o
 .debug_info    0x00003bf3      0xa34 ./Drivers/STM32G0xx_HAL_Driver/stm32g0xx_hal.o
 .debug_info    0x00004627     0x1581 ./Drivers/STM32G0xx_HAL_Driver/stm32g0xx_hal_adc.o
 .debug_info    0x00005ba8      0xb40 ./Drivers/STM32G0xx_HAL_Driver/stm32g0xx_hal_adc_ex.o
 .debug_info    0x000066e8      0x8d9 ./Drivers/STM32G0xx_HAL_Driver/stm32g0xx_hal_cortex.o
 .debug_info    0x00006fc1      0x5b9 ./Drivers/STM32G0xx_HAL_Driver/stm32g0xx_hal_gpio.o
 .debug_info    0x0000757a      0x7c1 ./Drivers/STM32G0xx_HAL_Driver/stm32g0xx_hal_pwr_ex.o
 .debug_info    0x00007d3b      0xb1b ./Drivers/STM32G0xx_HAL_Driver/stm32g0xx_hal_rcc.o
 .debug_info    0x00008856     0x2bc9 ./Drivers/STM32G0xx_HAL_Driver/stm32g0xx_hal_tim.o
 .debug_info    0x0000b41f     0x18da ./Drivers/STM32G0xx_HAL_Driver/stm32g0xx_hal_tim_ex.o

.debug_abbrev   0x00000000     0x2133
 .debug_abbrev  0x00000000      0x211 ./Application/User/Core/adc.o
 .debug_abbrev  0x00000211       0xdd ./Application/User/Core/gpio.o
 .debug_abbrev  0x000002ee      0x252 ./Application/User/Core/main.o
 .debug_abbrev  0x00000540       0xdd ./Application/User/Core/stm32g0xx_hal_msp.o
 .debug_abbrev  0x0000061d      0x1bd ./Application/User/Core/stm32g0xx_it.o
 .debug_abbrev  0x000007da      0x21b ./Application/User/Core/tim.o
 .debug_abbrev  0x000009f5       0x24 ./Application/User/Startup/startup_stm32g071rbtx.o
 .debug_abbrev  0x00000a19      0x119 ./Drivers/CMSIS/system_stm32g0xx.o
 .debug_abbrev  0x00000b32      0x2b2 ./Drivers/STM32G0xx_HAL_Driver/stm32g0xx_hal.o
 .debug_abbrev  0x00000de4      0x277 ./Drivers/STM32G0xx_HAL_Driver/stm32g0xx_hal_adc.o
 .debug_abbrev  0x0000105b      0x243 ./Drivers/STM32G0xx_HAL_Driver/stm32g0xx_hal_adc_ex.o
 .debug_abbrev  0x0000129e      0x2ab ./Drivers/STM32G0xx_HAL_Driver/stm32g0xx_hal_cortex.o
 .debug_abbrev  0x00001549      0x1c8 ./Drivers/STM32G0xx_HAL_Driver/stm32g0xx_hal_gpio.o
 .debug_abbrev  0x00001711      0x238 ./Drivers/STM32G0xx_HAL_Driver/stm32g0xx_hal_pwr_ex.o
 .debug_abbrev  0x00001949      0x2aa ./Drivers/STM32G0xx_HAL_Driver/stm32g0xx_hal_rcc.o
 .debug_abbrev  0x00001bf3      0x298 ./Drivers/STM32G0xx_HAL_Driver/stm32g0xx_hal_tim.o
 .debug_abbrev  0x00001e8b      0x2a8 ./Drivers/STM32G0xx_HAL_Driver/stm32g0xx_hal_tim_ex.o

.debug_aranges  0x00000000      0xd98
 .debug_aranges
                0x00000000       0x30 ./Application/User/Core/adc.o
 .debug_aranges
                0x00000030       0x20 ./Application/User/Core/gpio.o
 .debug_aranges
                0x00000050       0x40 ./Application/User/Core/main.o
 .debug_aranges
                0x00000090       0x20 ./Application/User/Core/stm32g0xx_hal_msp.o
 .debug_aranges
                0x000000b0       0x50 ./Application/User/Core/stm32g0xx_it.o
 .debug_aranges
                0x00000100       0x38 ./Application/User/Core/tim.o
 .debug_aranges
                0x00000138       0x28 ./Application/User/Startup/startup_stm32g071rbtx.o
 .debug_aranges
                0x00000160       0x28 ./Drivers/CMSIS/system_stm32g0xx.o
 .debug_aranges
                0x00000188      0x120 ./Drivers/STM32G0xx_HAL_Driver/stm32g0xx_hal.o
 .debug_aranges
                0x000002a8      0x1f0 ./Drivers/STM32G0xx_HAL_Driver/stm32g0xx_hal_adc.o
 .debug_aranges
                0x00000498       0xb0 ./Drivers/STM32G0xx_HAL_Driver/stm32g0xx_hal_adc_ex.o
 .debug_aranges
                0x00000548       0xe8 ./Drivers/STM32G0xx_HAL_Driver/stm32g0xx_hal_cortex.o
 .debug_aranges
                0x00000630       0x60 ./Drivers/STM32G0xx_HAL_Driver/stm32g0xx_hal_gpio.o
 .debug_aranges
                0x00000690       0xf0 ./Drivers/STM32G0xx_HAL_Driver/stm32g0xx_hal_pwr_ex.o
 .debug_aranges
                0x00000780       0xa0 ./Drivers/STM32G0xx_HAL_Driver/stm32g0xx_hal_rcc.o
 .debug_aranges
                0x00000820      0x3e0 ./Drivers/STM32G0xx_HAL_Driver/stm32g0xx_hal_tim.o
 .debug_aranges
                0x00000c00      0x198 ./Drivers/STM32G0xx_HAL_Driver/stm32g0xx_hal_tim_ex.o

.debug_rnglists
                0x00000000      0xa6c
 .debug_rnglists
                0x00000000       0x21 ./Application/User/Core/adc.o
 .debug_rnglists
                0x00000021       0x13 ./Application/User/Core/gpio.o
 .debug_rnglists
                0x00000034       0x2c ./Application/User/Core/main.o
 .debug_rnglists
                0x00000060       0x13 ./Application/User/Core/stm32g0xx_hal_msp.o
 .debug_rnglists
                0x00000073       0x37 ./Application/User/Core/stm32g0xx_it.o
 .debug_rnglists
                0x000000aa       0x26 ./Application/User/Core/tim.o
 .debug_rnglists
                0x000000d0       0x19 ./Application/User/Startup/startup_stm32g071rbtx.o
 .debug_rnglists
                0x000000e9       0x1a ./Drivers/CMSIS/system_stm32g0xx.o
 .debug_rnglists
                0x00000103       0xd4 ./Drivers/STM32G0xx_HAL_Driver/stm32g0xx_hal.o
 .debug_rnglists
                0x000001d7      0x17f ./Drivers/STM32G0xx_HAL_Driver/stm32g0xx_hal_adc.o
 .debug_rnglists
                0x00000356       0x81 ./Drivers/STM32G0xx_HAL_Driver/stm32g0xx_hal_adc_ex.o
 .debug_rnglists
                0x000003d7       0xaa ./Drivers/STM32G0xx_HAL_Driver/stm32g0xx_hal_cortex.o
 .debug_rnglists
                0x00000481       0x45 ./Drivers/STM32G0xx_HAL_Driver/stm32g0xx_hal_gpio.o
 .debug_rnglists
                0x000004c6       0xb5 ./Drivers/STM32G0xx_HAL_Driver/stm32g0xx_hal_pwr_ex.o
 .debug_rnglists
                0x0000057b       0x79 ./Drivers/STM32G0xx_HAL_Driver/stm32g0xx_hal_rcc.o
 .debug_rnglists
                0x000005f4      0x32a ./Drivers/STM32G0xx_HAL_Driver/stm32g0xx_hal_tim.o
 .debug_rnglists
                0x0000091e      0x14e ./Drivers/STM32G0xx_HAL_Driver/stm32g0xx_hal_tim_ex.o

.debug_macro    0x00000000    0x18b5a
 .debug_macro   0x00000000      0x207 ./Application/User/Core/adc.o
 .debug_macro   0x00000207      0xaae ./Application/User/Core/adc.o
 .debug_macro   0x00000cb5      0x11d ./Application/User/Core/adc.o
 .debug_macro   0x00000dd2       0x2e ./Application/User/Core/adc.o
 .debug_macro   0x00000e00       0x28 ./Application/User/Core/adc.o
 .debug_macro   0x00000e28       0x22 ./Application/User/Core/adc.o
 .debug_macro   0x00000e4a       0x8e ./Application/User/Core/adc.o
 .debug_macro   0x00000ed8       0x51 ./Application/User/Core/adc.o
 .debug_macro   0x00000f29      0x103 ./Application/User/Core/adc.o
 .debug_macro   0x0000102c       0x6a ./Application/User/Core/adc.o
 .debug_macro   0x00001096      0x1df ./Application/User/Core/adc.o
 .debug_macro   0x00001275       0x1c ./Application/User/Core/adc.o
 .debug_macro   0x00001291       0x22 ./Application/User/Core/adc.o
 .debug_macro   0x000012b3       0xd1 ./Application/User/Core/adc.o
 .debug_macro   0x00001384      0x4da ./Application/User/Core/adc.o
 .debug_macro   0x0000185e      0x11f ./Application/User/Core/adc.o
 .debug_macro   0x0000197d     0xc753 ./Application/User/Core/adc.o
 .debug_macro   0x0000e0d0       0x66 ./Application/User/Core/adc.o
 .debug_macro   0x0000e136     0x350e ./Application/User/Core/adc.o
 .debug_macro   0x00011644      0x190 ./Application/User/Core/adc.o
 .debug_macro   0x000117d4       0x5c ./Application/User/Core/adc.o
 .debug_macro   0x00011830      0x56c ./Application/User/Core/adc.o
 .debug_macro   0x00011d9c     0x1122 ./Application/User/Core/adc.o
 .debug_macro   0x00012ebe      0x264 ./Application/User/Core/adc.o
 .debug_macro   0x00013122      0x1cf ./Application/User/Core/adc.o
 .debug_macro   0x000132f1      0x1d8 ./Application/User/Core/adc.o
 .debug_macro   0x000134c9      0x426 ./Application/User/Core/adc.o
 .debug_macro   0x000138ef      0x280 ./Application/User/Core/adc.o
 .debug_macro   0x00013b6f      0x3a7 ./Application/User/Core/adc.o
 .debug_macro   0x00013f16      0x1b2 ./Application/User/Core/adc.o
 .debug_macro   0x000140c8       0x43 ./Application/User/Core/adc.o
 .debug_macro   0x0001410b      0x1f1 ./Application/User/Core/adc.o
 .debug_macro   0x000142fc      0x8b6 ./Application/User/Core/adc.o
 .debug_macro   0x00014bb2      0x5c2 ./Application/User/Core/adc.o
 .debug_macro   0x00015174       0x2e ./Application/User/Core/adc.o
 .debug_macro   0x000151a2      0x1d6 ./Application/User/Core/adc.o
 .debug_macro   0x00015378      0x38a ./Application/User/Core/adc.o
 .debug_macro   0x00015702       0x28 ./Application/User/Core/adc.o
 .debug_macro   0x0001572a       0xe4 ./Application/User/Core/adc.o
 .debug_macro   0x0001580e      0x125 ./Application/User/Core/adc.o
 .debug_macro   0x00015933      0x240 ./Application/User/Core/adc.o
 .debug_macro   0x00015b73      0xad0 ./Application/User/Core/adc.o
 .debug_macro   0x00016643      0x1a1 ./Application/User/Core/adc.o
 .debug_macro   0x000167e4      0x4f2 ./Application/User/Core/adc.o
 .debug_macro   0x00016cd6      0x207 ./Application/User/Core/gpio.o
 .debug_macro   0x00016edd      0x21f ./Application/User/Core/main.o
 .debug_macro   0x000170fc      0x1fd ./Application/User/Core/stm32g0xx_hal_msp.o
 .debug_macro   0x000172f9      0x207 ./Application/User/Core/stm32g0xx_it.o
 .debug_macro   0x00017500      0x207 ./Application/User/Core/tim.o
 .debug_macro   0x00017707      0x1f3 ./Drivers/CMSIS/system_stm32g0xx.o
 .debug_macro   0x000178fa      0x217 ./Drivers/STM32G0xx_HAL_Driver/stm32g0xx_hal.o
 .debug_macro   0x00017b11      0x217 ./Drivers/STM32G0xx_HAL_Driver/stm32g0xx_hal_adc.o
 .debug_macro   0x00017d28      0x1ff ./Drivers/STM32G0xx_HAL_Driver/stm32g0xx_hal_adc_ex.o
 .debug_macro   0x00017f27      0x1f3 ./Drivers/STM32G0xx_HAL_Driver/stm32g0xx_hal_cortex.o
 .debug_macro   0x0001811a      0x1fa ./Drivers/STM32G0xx_HAL_Driver/stm32g0xx_hal_gpio.o
 .debug_macro   0x00018314      0x21d ./Drivers/STM32G0xx_HAL_Driver/stm32g0xx_hal_pwr_ex.o
 .debug_macro   0x00018531      0x235 ./Drivers/STM32G0xx_HAL_Driver/stm32g0xx_hal_rcc.o
 .debug_macro   0x00018766      0x1fb ./Drivers/STM32G0xx_HAL_Driver/stm32g0xx_hal_tim.o
 .debug_macro   0x00018961      0x1f9 ./Drivers/STM32G0xx_HAL_Driver/stm32g0xx_hal_tim_ex.o

.debug_line     0x00000000     0xf80a
 .debug_line    0x00000000      0x869 ./Application/User/Core/adc.o
 .debug_line    0x00000869      0x7ca ./Application/User/Core/gpio.o
 .debug_line    0x00001033      0x8a4 ./Application/User/Core/main.o
 .debug_line    0x000018d7      0x7cd ./Application/User/Core/stm32g0xx_hal_msp.o
 .debug_line    0x000020a4      0x85a ./Application/User/Core/stm32g0xx_it.o
 .debug_line    0x000028fe      0x8a0 ./Application/User/Core/tim.o
 .debug_line    0x0000319e       0x7b ./Application/User/Startup/startup_stm32g071rbtx.o
 .debug_line    0x00003219      0x840 ./Drivers/CMSIS/system_stm32g0xx.o
 .debug_line    0x00003a59      0xb86 ./Drivers/STM32G0xx_HAL_Driver/stm32g0xx_hal.o
 .debug_line    0x000045df     0x19ac ./Drivers/STM32G0xx_HAL_Driver/stm32g0xx_hal_adc.o
 .debug_line    0x00005f8b      0xb25 ./Drivers/STM32G0xx_HAL_Driver/stm32g0xx_hal_adc_ex.o
 .debug_line    0x00006ab0      0xc1b ./Drivers/STM32G0xx_HAL_Driver/stm32g0xx_hal_cortex.o
 .debug_line    0x000076cb      0xbd7 ./Drivers/STM32G0xx_HAL_Driver/stm32g0xx_hal_gpio.o
 .debug_line    0x000082a2      0xb5f ./Drivers/STM32G0xx_HAL_Driver/stm32g0xx_hal_pwr_ex.o
 .debug_line    0x00008e01     0x1057 ./Drivers/STM32G0xx_HAL_Driver/stm32g0xx_hal_rcc.o
 .debug_line    0x00009e58     0x3d62 ./Drivers/STM32G0xx_HAL_Driver/stm32g0xx_hal_tim.o
 .debug_line    0x0000dbba     0x1c50 ./Drivers/STM32G0xx_HAL_Driver/stm32g0xx_hal_tim_ex.o

.debug_str      0x00000000    0xa1860
 .debug_str     0x00000000    0xa1860 ./Application/User/Core/adc.o
                              0x9e545 (size before relaxing)
 .debug_str     0x000a1860    0x9dc9c ./Application/User/Core/gpio.o
 .debug_str     0x000a1860    0x9e6d3 ./Application/User/Core/main.o
 .debug_str     0x000a1860    0x9dc9c ./Application/User/Core/stm32g0xx_hal_msp.o
 .debug_str     0x000a1860    0x9e4c5 ./Application/User/Core/stm32g0xx_it.o
 .debug_str     0x000a1860    0x9e77e ./Application/User/Core/tim.o
 .debug_str     0x000a1860       0x87 ./Application/User/Startup/startup_stm32g071rbtx.o
 .debug_str     0x000a1860    0x9dced ./Drivers/CMSIS/system_stm32g0xx.o
 .debug_str     0x000a1860    0x9e4ea ./Drivers/STM32G0xx_HAL_Driver/stm32g0xx_hal.o
 .debug_str     0x000a1860    0x9eaa8 ./Drivers/STM32G0xx_HAL_Driver/stm32g0xx_hal_adc.o
 .debug_str     0x000a1860    0x9e484 ./Drivers/STM32G0xx_HAL_Driver/stm32g0xx_hal_adc_ex.o
 .debug_str     0x000a1860    0x9e1b4 ./Drivers/STM32G0xx_HAL_Driver/stm32g0xx_hal_cortex.o
 .debug_str     0x000a1860    0x9de36 ./Drivers/STM32G0xx_HAL_Driver/stm32g0xx_hal_gpio.o
 .debug_str     0x000a1860    0x9e17a ./Drivers/STM32G0xx_HAL_Driver/stm32g0xx_hal_pwr_ex.o
 .debug_str     0x000a1860    0x9e443 ./Drivers/STM32G0xx_HAL_Driver/stm32g0xx_hal_rcc.o
 .debug_str     0x000a1860    0x9f22f ./Drivers/STM32G0xx_HAL_Driver/stm32g0xx_hal_tim.o
 .debug_str     0x000a1860    0x9ebbd ./Drivers/STM32G0xx_HAL_Driver/stm32g0xx_hal_tim_ex.o

.comment        0x00000000       0x43
 .comment       0x00000000       0x43 ./Application/User/Core/adc.o
                                 0x44 (size before relaxing)
 .comment       0x00000043       0x44 ./Application/User/Core/gpio.o
 .comment       0x00000043       0x44 ./Application/User/Core/main.o
 .comment       0x00000043       0x44 ./Application/User/Core/stm32g0xx_hal_msp.o
 .comment       0x00000043       0x44 ./Application/User/Core/stm32g0xx_it.o
 .comment       0x00000043       0x44 ./Application/User/Core/tim.o
 .comment       0x00000043       0x44 ./Drivers/CMSIS/system_stm32g0xx.o
 .comment       0x00000043       0x44 ./Drivers/STM32G0xx_HAL_Driver/stm32g0xx_hal.o
 .comment       0x00000043       0x44 ./Drivers/STM32G0xx_HAL_Driver/stm32g0xx_hal_adc.o
 .comment       0x00000043       0x44 ./Drivers/STM32G0xx_HAL_Driver/stm32g0xx_hal_adc_ex.o
 .comment       0x00000043       0x44 ./Drivers/STM32G0xx_HAL_Driver/stm32g0xx_hal_cortex.o
 .comment       0x00000043       0x44 ./Drivers/STM32G0xx_HAL_Driver/stm32g0xx_hal_gpio.o
 .comment       0x00000043       0x44 ./Drivers/STM32G0xx_HAL_Driver/stm32g0xx_hal_pwr_ex.o
 .comment       0x00000043       0x44 ./Drivers/STM32G0xx_HAL_Driver/stm32g0xx_hal_rcc.o
 .comment       0x00000043       0x44 ./Drivers/STM32G0xx_HAL_Driver/stm32g0xx_hal_tim.o
 .comment       0x00000043       0x44 ./Drivers/STM32G0xx_HAL_Driver/stm32g0xx_hal_tim_ex.o

.debug_frame    0x00000000     0x3078
 .debug_frame   0x00000000       0x70 ./Application/User/Core/adc.o
 .debug_frame   0x00000070       0x30 ./Application/User/Core/gpio.o
 .debug_frame   0x000000a0       0xa8 ./Application/User/Core/main.o
 .debug_frame   0x00000148       0x30 ./Application/User/Core/stm32g0xx_hal_msp.o
 .debug_frame   0x00000178       0xd4 ./Application/User/Core/stm32g0xx_it.o
 .debug_frame   0x0000024c       0x90 ./Application/User/Core/tim.o
 .debug_frame   0x000002dc       0x4c ./Drivers/CMSIS/system_stm32g0xx.o
 .debug_frame   0x00000328      0x3dc ./Drivers/STM32G0xx_HAL_Driver/stm32g0xx_hal.o
 .debug_frame   0x00000704      0x78c ./Drivers/STM32G0xx_HAL_Driver/stm32g0xx_hal_adc.o
 .debug_frame   0x00000e90      0x270 ./Drivers/STM32G0xx_HAL_Driver/stm32g0xx_hal_adc_ex.o
 .debug_frame   0x00001100      0x33c ./Drivers/STM32G0xx_HAL_Driver/stm32g0xx_hal_cortex.o
 .debug_frame   0x0000143c      0x130 ./Drivers/STM32G0xx_HAL_Driver/stm32g0xx_hal_gpio.o
 .debug_frame   0x0000156c      0x32c ./Drivers/STM32G0xx_HAL_Driver/stm32g0xx_hal_pwr_ex.o
 .debug_frame   0x00001898      0x214 ./Drivers/STM32G0xx_HAL_Driver/stm32g0xx_hal_rcc.o
 .debug_frame   0x00001aac      0xf40 ./Drivers/STM32G0xx_HAL_Driver/stm32g0xx_hal_tim.o
 .debug_frame   0x000029ec      0x620 ./Drivers/STM32G0xx_HAL_Driver/stm32g0xx_hal_tim_ex.o
 .debug_frame   0x0000300c       0x20 C:/ST/STM32CubeIDE_1.19.0/STM32CubeIDE/plugins/com.st.stm32cube.ide.mcu.externaltools.gnu-tools-for-stm32.13.3.rel1.win32_1.0.0.202411081344/tools/bin/../lib/gcc/arm-none-eabi/13.3.1/../../../../arm-none-eabi/lib/thumb/v6-m/nofp\libc_nano.a(libc_a-memset.o)
 .debug_frame   0x0000302c       0x2c C:/ST/STM32CubeIDE_1.19.0/STM32CubeIDE/plugins/com.st.stm32cube.ide.mcu.externaltools.gnu-tools-for-stm32.13.3.rel1.win32_1.0.0.202411081344/tools/bin/../lib/gcc/arm-none-eabi/13.3.1/../../../../arm-none-eabi/lib/thumb/v6-m/nofp\libc_nano.a(libc_a-init.o)
 .debug_frame   0x00003058       0x20 C:/ST/STM32CubeIDE_1.19.0/STM32CubeIDE/plugins/com.st.stm32cube.ide.mcu.externaltools.gnu-tools-for-stm32.13.3.rel1.win32_1.0.0.202411081344/tools/bin/../lib/gcc/arm-none-eabi/13.3.1/thumb/v6-m/nofp\libgcc.a(_udivsi3.o)

.debug_line_str
                0x00000000       0x6b
 .debug_line_str
                0x00000000       0x6b ./Application/User/Startup/startup_stm32g071rbtx.o
